node:internal/modules/cjs/loader:1386
  throw err;
  ^

Error: Cannot find module './fakenet.js'
Require stack:
- internal/preload
    at Function._resolveFilename (node:internal/modules/cjs/loader:1383:15)
    at defaultResolveImpl (node:internal/modules/cjs/loader:1025:19)
    at resolveForCJSWithHooks (node:internal/modules/cjs/loader:1030:22)
    at Function._load (node:internal/modules/cjs/loader:1192:37)
    at TracingChannel.traceSync (node:diagnostics_channel:328:14)
    at wrapModuleLoad (node:internal/modules/cjs/loader:237:24)
    at Module.require (node:internal/modules/cjs/loader:1463:12)
    at node:internal/modules/cjs/loader:1996:12
    at loadPreloadModules (node:internal/process/pre_execution:756:5)
    at setupUserModules (node:internal/process/pre_execution:231:5) {
  code: 'MODULE_NOT_FOUND',
  requireStack: [ 'internal/preload' ]
}

Node.js v22.22.2
